[    3828ms] [ERROR] Failed to load resource: the server responded with a status of 500 () @ https://7f0951f7.cinachain-nft-dapp.pages.dev/_next/static/chunks/3257-53ae1f4279a43484.js:0
[    3835ms] [ERROR] ChunkLoadError: Loading chunk 3257 failed.
(error: https://7f0951f7.cinachain-nft-dapp.pages.dev/_next/static/chunks/3257-53ae1f4279a43484.js)
    at b.f.j (https://7f0951f7.cinachain-nft-dapp.pages.dev/_next/static/chunks/webpack-0b45c32917d1b855.js:1:5037)
    at https://7f0951f7.cinachain-nft-dapp.pages.dev/_next/static/chunks/webpack-0b45c32917d1b855.js:1:1437
    at Array.reduce (<anonymous>)
    at b.e (https://7f0951f7.cinachain-nft-dapp.pages.dev/_next/static/chunks/webpack-0b45c32917d1b855.js:1:1403)
    at https://7f0951f7.cinachain-nft-dapp.pages.dev/_next/static/chunks/2472-220de3a327fdd7f9.js:1:85956
    at https://7f0951f7.cinachain-nft-dapp.pages.dev/_next/static/chunks/2472-220de3a327fdd7f9.js:1:86158
    at t (https://7f0951f7.cinachain-nft-dapp.pages.dev/_next/static/chunks/2472-220de3a327fdd7f9.js:1:86361) @ https://7f0951f7.cinachain-nft-dapp.pages.dev/_next/static/chunks/2472-220de3a327fdd7f9.js:0
[    3838ms] Error: Minified React error #423; visit https://reactjs.org/docs/error-decoder.html?invariant=423 for the full message or use the non-minified dev environment for full errors and additional helpful warnings.
    at iU (https://7f0951f7.cinachain-nft-dapp.pages.dev/_next/static/chunks/fd9d1056-f3c495b1cda3be05.js:1:117436)
    at o2 (https://7f0951f7.cinachain-nft-dapp.pages.dev/_next/static/chunks/fd9d1056-f3c495b1cda3be05.js:1:94371)
    at https://7f0951f7.cinachain-nft-dapp.pages.dev/_next/static/chunks/fd9d1056-f3c495b1cda3be05.js:1:94193
    at o1 (https://7f0951f7.cinachain-nft-dapp.pages.dev/_next/static/chunks/fd9d1056-f3c495b1cda3be05.js:1:94200)
    at oV (https://7f0951f7.cinachain-nft-dapp.pages.dev/_next/static/chunks/fd9d1056-f3c495b1cda3be05.js:1:91687)
    at oB (https://7f0951f7.cinachain-nft-dapp.pages.dev/_next/static/chunks/fd9d1056-f3c495b1cda3be05.js:1:91112)
    at MessagePort.C (https://7f0951f7.cinachain-nft-dapp.pages.dev/_next/static/chunks/2472-220de3a327fdd7f9.js:1:99543)
[    3838ms] ChunkLoadError: Loading chunk 3257 failed.
(error: https://7f0951f7.cinachain-nft-dapp.pages.dev/_next/static/chunks/3257-53ae1f4279a43484.js)
    at b.f.j (https://7f0951f7.cinachain-nft-dapp.pages.dev/_next/static/chunks/webpack-0b45c32917d1b855.js:1:5037)
    at https://7f0951f7.cinachain-nft-dapp.pages.dev/_next/static/chunks/webpack-0b45c32917d1b855.js:1:1437
    at Array.reduce (<anonymous>)
    at b.e (https://7f0951f7.cinachain-nft-dapp.pages.dev/_next/static/chunks/webpack-0b45c32917d1b855.js:1:1403)
    at https://7f0951f7.cinachain-nft-dapp.pages.dev/_next/static/chunks/2472-220de3a327fdd7f9.js:1:85956
    at https://7f0951f7.cinachain-nft-dapp.pages.dev/_next/static/chunks/2472-220de3a327fdd7f9.js:1:86158
    at t (https://7f0951f7.cinachain-nft-dapp.pages.dev/_next/static/chunks/2472-220de3a327fdd7f9.js:1:86361)
[   77544ms] [ERROR] Failed to load resource: the server responded with a status of 500 () @ https://7f0951f7.cinachain-nft-dapp.pages.dev/_next/static/chunks/app/(general)/layout-3ec3a1e05b1b56dd.js:0
[   78533ms] [ERROR] Failed to load resource: the server responded with a status of 500 () @ https://7f0951f7.cinachain-nft-dapp.pages.dev/_next/static/chunks/app/(general)/page-e4dede717b75c6a2.js:0
